### 一、Serial GC（串行化）

对于GCLogAnalysis.java的实际运行结果如下：

```
// 使用SerialGC，且设置堆内存为1G的运行情况
java -XX:+PrintGC -XX:+PrintGCDateStamps -XX:+UseSerialGC -Xmx1g -Xms1g GCLogAnalysis
正在执行...
2021-09-26T21:04:36.369-0800: [GC (Allocation Failure)  279616K->88510K(1013632K), 0.0598484 secs]
2021-09-26T21:04:36.479-0800: [GC (Allocation Failure)  368126K->177878K(1013632K), 0.0781219 secs]
2021-09-26T21:04:36.606-0800: [GC (Allocation Failure)  457494K->255380K(1013632K), 0.0611276 secs]
2021-09-26T21:04:36.704-0800: [GC (Allocation Failure)  534996K->329944K(1013632K), 0.0651159 secs]
2021-09-26T21:04:36.814-0800: [GC (Allocation Failure)  609560K->409142K(1013632K), 0.0602521 secs]
2021-09-26T21:04:36.919-0800: [GC (Allocation Failure)  688758K->491938K(1013632K), 0.0612469 secs]
2021-09-26T21:04:37.019-0800: [GC (Allocation Failure)  771554K->576356K(1013632K), 0.0693114 secs]
2021-09-26T21:04:37.132-0800: [GC (Allocation Failure)  855972K->646314K(1013632K), 0.0528505 secs]
执行结束!共生成对象次数:8575
```

```
// 使用SerialGC，且设置堆内存为4G的运行情况
java -XX:+PrintGC -XX:+PrintGCDateStamps -XX:+UseSerialGC -Xmx4g -Xms4g GCLogAnalysis
正在执行...
2021-09-26T21:15:17.782-0800: [GC (Allocation Failure)  1118528K->247396K(4054528K), 0.1642848 secs]
2021-09-26T21:15:18.117-0800: [GC (Allocation Failure)  1365924K->405755K(4054528K), 0.2085822 secs]
执行结束!共生成对象次数:8262
```

​     由上面的两个运行结果可知，相同的串行化垃圾回收器的情况下，堆内存越大进行垃圾回收次数就越少，同时因为回收次数的减少导致每次回收时的时间变得更长，相较于4G堆内存一次young gc的时间是1G堆内存的2~3倍

### 二、ParalleGC（并行）

```
// 使用ParallelGC，且设置堆内存为1G的运行情况
java -XX:+PrintGC -XX:+PrintGCDateStamps -XX:+UseParallelGC -Xmx1g -Xms1g GCLogAnalysis
正在执行...
2021-09-26T21:19:41.563-0800: [GC (Allocation Failure)  262144K->86726K(1005056K), 0.0322009 secs]
2021-09-26T21:19:41.646-0800: [GC (Allocation Failure)  348660K->161266K(1005056K), 0.0430504 secs]
2021-09-26T21:19:41.731-0800: [GC (Allocation Failure)  423410K->233740K(1005056K), 0.0374447 secs]
2021-09-26T21:19:41.807-0800: [GC (Allocation Failure)  495884K->307067K(1005056K), 0.0368923 secs]
2021-09-26T21:19:41.893-0800: [GC (Allocation Failure)  569211K->378894K(1005056K), 0.0306240 secs]
2021-09-26T21:19:41.971-0800: [GC (Allocation Failure)  641038K->457002K(859648K), 0.0327710 secs]
2021-09-26T21:19:42.026-0800: [GC (Allocation Failure)  573738K->491458K(932352K), 0.0190226 secs]
2021-09-26T21:19:42.069-0800: [GC (Allocation Failure)  608194K->525719K(932352K), 0.0170852 secs]
2021-09-26T21:19:42.112-0800: [GC (Allocation Failure)  642455K->554893K(932352K), 0.0256615 secs]
2021-09-26T21:19:42.162-0800: [GC (Allocation Failure)  671629K->583340K(932352K), 0.0424527 secs]
2021-09-26T21:19:42.232-0800: [GC (Allocation Failure)  700076K->609460K(932352K), 0.0363434 secs]
2021-09-26T21:19:42.290-0800: [GC (Allocation Failure)  726196K->642851K(932352K), 0.0214924 secs]
2021-09-26T21:19:42.311-0800: [Full GC (Ergonomics)  642851K->333095K(932352K), 0.0708462 secs]
2021-09-26T21:19:42.401-0800: [GC (Allocation Failure)  449831K->375206K(932352K), 0.0117042 secs]
执行结束!共生成对象次数:9083
```

```
// 使用ParallelGC，且设置堆内存为4G的运行情况
java -XX:+PrintGC -XX:+PrintGCDateStamps -XX:+UseParallelGC -Xmx4g -Xms4g GCLogAnalysis
正在执行...
2021-09-26T21:19:19.769-0800: [GC (Allocation Failure)  1048576K->232766K(4019712K), 0.0815501 secs]
2021-09-26T21:19:20.006-0800: [GC (Allocation Failure)  1281342K->363132K(4019712K), 0.0986993 secs]
执行结束!共生成对象次数:10154
```

由上面的gc日志可知，相较于串行化GC，在相同的1G堆内存的配置参数，并行化GC要比串行化GC的垃圾回收时间更短，平均在20多到30毫秒，串行化GC的平均时间在60毫秒左右。同样的都采用并行化GC时，当把堆内存设置成4G时，垃圾回收的次数也是明显减少，但是垃圾回收的时间较1G堆内存时提高了2倍左右。

### 三、CMS

```
// 使用CMS，且设置堆内存为1G的运行情况
java -XX:+PrintGCDetails -XX:+PrintGCDateStamps -XX:+UseConcMarkSweepGC -Xmx1g -Xms1g GCLogAnalysis
正在执行...
2021-09-26T21:09:12.362-0800: [GC (Allocation Failure) 2021-09-26T21:09:12.362-0800: [ParNew: 272640K->34047K(306688K), 0.0329365 secs] 272640K->85889K(1014528K), 0.0330202 secs] [Times: user=0.05 sys=0.05, real=0.03 secs] 
2021-09-26T21:09:12.450-0800: [GC (Allocation Failure) 2021-09-26T21:09:12.450-0800: [ParNew: 306687K->34046K(306688K), 0.0464663 secs] 358529K->159443K(1014528K), 0.0465166 secs] [Times: user=0.07 sys=0.06, real=0.04 secs] 
2021-09-26T21:09:12.541-0800: [GC (Allocation Failure) 2021-09-26T21:09:12.541-0800: [ParNew: 306686K->34048K(306688K), 0.0632332 secs] 432083K->237478K(1014528K), 0.0632814 secs] [Times: user=0.13 sys=0.03, real=0.06 secs] 
2021-09-26T21:09:12.646-0800: [GC (Allocation Failure) 2021-09-26T21:09:12.647-0800: [ParNew: 306688K->34048K(306688K), 0.0626611 secs] 510118K->317538K(1014528K), 0.0627744 secs] [Times: user=0.16 sys=0.03, real=0.06 secs] 
2021-09-26T21:09:12.756-0800: [GC (Allocation Failure) 2021-09-26T21:09:12.756-0800: [ParNew: 306688K->34048K(306688K), 0.0581970 secs] 590178K->394123K(1014528K), 0.0582840 secs] [Times: user=0.17 sys=0.03, real=0.06 secs] 
2021-09-26T21:09:12.815-0800: [GC (CMS Initial Mark) [1 CMS-initial-mark: 360075K(707840K)] 394899K(1014528K), 0.0002367 secs] [Times: user=0.00 sys=0.00, real=0.00 secs] 
2021-09-26T21:09:12.815-0800: [CMS-concurrent-mark-start]
2021-09-26T21:09:12.827-0800: [CMS-concurrent-mark: 0.012/0.012 secs] [Times: user=0.02 sys=0.00, real=0.01 secs] 
2021-09-26T21:09:12.827-0800: [CMS-concurrent-preclean-start]
2021-09-26T21:09:12.829-0800: [CMS-concurrent-preclean: 0.002/0.002 secs] [Times: user=0.00 sys=0.00, real=0.00 secs] 
2021-09-26T21:09:12.829-0800: [CMS-concurrent-abortable-preclean-start]
2021-09-26T21:09:12.865-0800: [GC (Allocation Failure) 2021-09-26T21:09:12.865-0800: [ParNew: 306688K->34047K(306688K), 0.0600361 secs] 666763K->469394K(1014528K), 0.0600866 secs] [Times: user=0.18 sys=0.03, real=0.06 secs] 
2021-09-26T21:09:12.963-0800: [GC (Allocation Failure) 2021-09-26T21:09:12.963-0800: [ParNew2021-09-26T21:09:13.029-0800: [CMS-concurrent-abortable-preclean: 0.004/0.200 secs] [Times: user=0.43 sys=0.06, real=0.20 secs] 
: 306687K->34048K(306688K), 0.0658958 secs] 742034K->543596K(1014528K), 0.0659391 secs] [Times: user=0.18 sys=0.03, real=0.06 secs] 
2021-09-26T21:09:13.029-0800: [GC (CMS Final Remark) [YG occupancy: 34671 K (306688 K)]2021-09-26T21:09:13.029-0800: [Rescan (parallel) , 0.0014259 secs]2021-09-26T21:09:13.031-0800: [weak refs processing, 0.0000124 secs]2021-09-26T21:09:13.031-0800: [class unloading, 0.0002331 secs]2021-09-26T21:09:13.031-0800: [scrub symbol table, 0.0003043 secs]2021-09-26T21:09:13.031-0800: [scrub string table, 0.0001472 secs][1 CMS-remark: 509548K(707840K)] 544220K(1014528K), 0.0021797 secs] [Times: user=0.00 sys=0.01, real=0.01 secs] 
2021-09-26T21:09:13.032-0800: [CMS-concurrent-sweep-start]
2021-09-26T21:09:13.033-0800: [CMS-concurrent-sweep: 0.001/0.001 secs] [Times: user=0.00 sys=0.00, real=0.00 secs] 
2021-09-26T21:09:13.033-0800: [CMS-concurrent-reset-start]
2021-09-26T21:09:13.034-0800: [CMS-concurrent-reset: 0.001/0.001 secs] [Times: user=0.01 sys=0.00, real=0.00 secs] 
2021-09-26T21:09:13.078-0800: [GC (Allocation Failure) 2021-09-26T21:09:13.078-0800: [ParNew: 306688K->34048K(306688K), 0.0227103 secs] 682770K->488477K(1014528K), 0.0227845 secs] [Times: user=0.07 sys=0.00, real=0.03 secs] 
2021-09-26T21:09:13.101-0800: [GC (CMS Initial Mark) [1 CMS-initial-mark: 454429K(707840K)] 488495K(1014528K), 0.0004659 secs] [Times: user=0.00 sys=0.00, real=0.00 secs] 
2021-09-26T21:09:13.102-0800: [CMS-concurrent-mark-start]
2021-09-26T21:09:13.112-0800: [CMS-concurrent-mark: 0.010/0.010 secs] [Times: user=0.02 sys=0.00, real=0.01 secs] 
2021-09-26T21:09:13.112-0800: [CMS-concurrent-preclean-start]
2021-09-26T21:09:13.114-0800: [CMS-concurrent-preclean: 0.002/0.002 secs] [Times: user=0.00 sys=0.00, real=0.00 secs] 
2021-09-26T21:09:13.114-0800: [CMS-concurrent-abortable-preclean-start]
2021-09-26T21:09:13.157-0800: [GC (Allocation Failure) 2021-09-26T21:09:13.157-0800: [ParNew: 306619K->34048K(306688K), 0.0421254 secs] 761048K->567608K(1014528K), 0.0421994 secs] [Times: user=0.10 sys=0.01, real=0.04 secs] 
执行结束!共生成对象次数:9243
```

```
// 使用CMS，且设置堆内存为4G的运行情况 
 java -XX:+PrintGCDetails -XX:+PrintGCDateStamps -XX:+UseConcMarkSweepGC -Xmx4g -Xms4g GCLogAnalysis
正在执行...
2021-09-26T21:25:28.143-0800: [GC (Allocation Failure) 2021-09-26T21:25:28.143-0800: [ParNew: 272640K->34048K(306688K), 0.0437515 secs] 272640K->85949K(4160256K), 0.0438254 secs] [Times: user=0.09 sys=0.06, real=0.04 secs] 
2021-09-26T21:25:28.238-0800: [GC (Allocation Failure) 2021-09-26T21:25:28.238-0800: [ParNew: 306688K->34047K(306688K), 0.0434490 secs] 358589K->156928K(4160256K), 0.0435157 secs] [Times: user=0.09 sys=0.06, real=0.05 secs] 
2021-09-26T21:25:28.331-0800: [GC (Allocation Failure) 2021-09-26T21:25:28.331-0800: [ParNew: 306687K->34048K(306688K), 0.0684022 secs] 429568K->237726K(4160256K), 0.0684642 secs] [Times: user=0.20 sys=0.03, real=0.07 secs] 
2021-09-26T21:25:28.443-0800: [GC (Allocation Failure) 2021-09-26T21:25:28.443-0800: [ParNew: 306688K->34048K(306688K), 0.0626038 secs] 510366K->310901K(4160256K), 0.0627569 secs] [Times: user=0.19 sys=0.03, real=0.06 secs] 
2021-09-26T21:25:28.542-0800: [GC (Allocation Failure) 2021-09-26T21:25:28.542-0800: [ParNew: 306688K->34048K(306688K), 0.0750736 secs] 583541K->391360K(4160256K), 0.0751311 secs] [Times: user=0.23 sys=0.03, real=0.07 secs] 
2021-09-26T21:25:28.655-0800: [GC (Allocation Failure) 2021-09-26T21:25:28.655-0800: [ParNew: 306688K->34047K(306688K), 0.0739007 secs] 664000K->467912K(4160256K), 0.0739448 secs] [Times: user=0.22 sys=0.03, real=0.07 secs] 
2021-09-26T21:25:28.766-0800: [GC (Allocation Failure) 2021-09-26T21:25:28.766-0800: [ParNew: 306687K->34048K(306688K), 0.0716923 secs] 740552K->539165K(4160256K), 0.0717596 secs] [Times: user=0.21 sys=0.02, real=0.07 secs] 
2021-09-26T21:25:28.879-0800: [GC (Allocation Failure) 2021-09-26T21:25:28.879-0800: [ParNew: 306688K->34048K(306688K), 0.0700962 secs] 811805K->629650K(4160256K), 0.0701540 secs] [Times: user=0.23 sys=0.03, real=0.07 secs] 
执行结束!共生成对象次数:8788
```

同样地，CMS的4G堆内存的垃圾回收次数要小于1G堆内存的垃圾回收次数，同时在1G堆内存时有发生full gc，且CMS的Full gc只有在初始化标记和最终标记的时候会STW，其他的操作均采用jvm的jc线程和用户线程并发运行的状态下操作的，所以STW的时间会相较于串行和并行会更短，从gc日志可以看到CMS的初始化标记只用了0.2毫秒而最终标记只用了2毫秒就完成了，但是由于CMS采用标记清除算法，因此会造成很多的内存碎片，需要开启对内存碎片的合并整理，这也会引起STW，且一般老年代的内存都比较大，做合并整理会耗费比较多的时间。

### 四、G1

```
// 使用G1，且设置堆内存为1G的运行情况 
java -XX:+PrintGC -XX:+PrintGCDateStamps -XX:+UseG1GC -Xmx1g -Xms1g GCLogAnalysis
正在执行...
2021-09-26T21:28:55.018-0800: [GC pause (G1 Evacuation Pause) (young) 62M->23M(1024M), 0.0083334 secs]
2021-09-26T21:28:55.051-0800: [GC pause (G1 Evacuation Pause) (young) 77M->40M(1024M), 0.0096555 secs]
2021-09-26T21:28:55.077-0800: [GC pause (G1 Evacuation Pause) (young) 91M->53M(1024M), 0.0068820 secs]
2021-09-26T21:28:55.108-0800: [GC pause (G1 Evacuation Pause) (young) 109M->73M(1024M), 0.0099763 secs]
2021-09-26T21:28:55.159-0800: [GC pause (G1 Evacuation Pause) (young) 153M->98M(1024M), 0.0069810 secs]
2021-09-26T21:28:55.196-0800: [GC pause (G1 Evacuation Pause) (young) 183M->120M(1024M), 0.0069223 secs]
2021-09-26T21:28:55.248-0800: [GC pause (G1 Evacuation Pause) (young) 247M->163M(1024M), 0.0158446 secs]
2021-09-26T21:28:55.304-0800: [GC pause (G1 Evacuation Pause) (young) 288M->204M(1024M), 0.0116878 secs]
2021-09-26T21:28:55.370-0800: [GC pause (G1 Evacuation Pause) (young) 351M->250M(1024M), 0.0198695 secs]
2021-09-26T21:28:55.623-0800: [GC pause (G1 Evacuation Pause) (young) 748M->363M(1024M), 0.0369999 secs]
2021-09-26T21:28:55.697-0800: [GC pause (G1 Evacuation Pause) (young) 483M->388M(1024M), 0.0183392 secs]
2021-09-26T21:28:55.760-0800: [GC pause (G1 Humongous Allocation) (young) (initial-mark) 516M->418M(1024M), 0.0085149 secs]
2021-09-26T21:28:55.768-0800: [GC concurrent-root-region-scan-start]
2021-09-26T21:28:55.768-0800: [GC concurrent-root-region-scan-end, 0.0002040 secs]
2021-09-26T21:28:55.768-0800: [GC concurrent-mark-start]
2021-09-26T21:28:55.776-0800: [GC concurrent-mark-end, 0.0071560 secs]
2021-09-26T21:28:55.776-0800: [GC remark, 0.0020079 secs]
2021-09-26T21:28:55.778-0800: [GC cleanup 437M->418M(1024M), 0.0008117 secs]
2021-09-26T21:28:55.779-0800: [GC concurrent-cleanup-start]
2021-09-26T21:28:55.779-0800: [GC concurrent-cleanup-end, 0.0000303 secs]
2021-09-26T21:28:55.895-0800: [GC pause (G1 Evacuation Pause) (young)-- 856M->659M(1024M), 0.0089126 secs]
2021-09-26T21:28:55.905-0800: [GC pause (G1 Evacuation Pause) (mixed) 662M->581M(1024M), 0.0097885 secs]
2021-09-26T21:28:55.915-0800: [GC pause (G1 Humongous Allocation) (young) (initial-mark) 582M->582M(1024M), 0.0035931 secs]
2021-09-26T21:28:55.919-0800: [GC concurrent-root-region-scan-start]
2021-09-26T21:28:55.919-0800: [GC concurrent-root-region-scan-end, 0.0001378 secs]
2021-09-26T21:28:55.919-0800: [GC concurrent-mark-start]
2021-09-26T21:28:55.922-0800: [GC concurrent-mark-end, 0.0033493 secs]
2021-09-26T21:28:55.923-0800: [GC remark, 0.0034632 secs]
2021-09-26T21:28:55.928-0800: [GC cleanup 601M->600M(1024M), 0.0012136 secs]
2021-09-26T21:28:55.929-0800: [GC concurrent-cleanup-start]
2021-09-26T21:28:55.929-0800: [GC concurrent-cleanup-end, 0.0000493 secs]
执行结束!共生成对象次数:7748
```

```
// 使用G1，且设置堆内存为4G的运行情况 
 java -XX:+PrintGC -XX:+PrintGCDateStamps -XX:+UseG1GC -Xmx4g -Xms4g GCLogAnalysis
正在执行...
2021-09-26T21:27:40.534-0800: [GC pause (G1 Evacuation Pause) (young) 204M->68M(4096M), 0.0239136 secs]
2021-09-26T21:27:40.605-0800: [GC pause (G1 Evacuation Pause) (young) 246M->124M(4096M), 0.0190279 secs]
2021-09-26T21:27:40.664-0800: [GC pause (G1 Evacuation Pause) (young) 302M->181M(4096M), 0.0288613 secs]
2021-09-26T21:27:40.727-0800: [GC pause (G1 Evacuation Pause) (young) 359M->241M(4096M), 0.0281476 secs]
2021-09-26T21:27:40.801-0800: [GC pause (G1 Evacuation Pause) (young) 419M->296M(4096M), 0.0280754 secs]
2021-09-26T21:27:40.863-0800: [GC pause (G1 Evacuation Pause) (young) 474M->358M(4096M), 0.0315744 secs]
2021-09-26T21:27:40.935-0800: [GC pause (G1 Evacuation Pause) (young) 536M->420M(4096M), 0.0225430 secs]
2021-09-26T21:27:40.992-0800: [GC pause (G1 Evacuation Pause) (young) 598M->473M(4096M), 0.0288597 secs]
2021-09-26T21:27:41.057-0800: [GC pause (G1 Evacuation Pause) (young) 651M->530M(4096M), 0.0293288 secs]
2021-09-26T21:27:41.127-0800: [GC pause (G1 Evacuation Pause) (young) 708M->588M(4096M), 0.0222546 secs]
2021-09-26T21:27:41.198-0800: [GC pause (G1 Evacuation Pause) (young) 802M->651M(4096M), 0.0241420 secs]
2021-09-26T21:27:41.287-0800: [GC pause (G1 Evacuation Pause) (young) 913M->736M(4096M), 0.0340702 secs]
2021-09-26T21:27:41.391-0800: [GC pause (G1 Evacuation Pause) (young) 1046M->827M(4096M), 0.0362690 secs]
执行结束!共生成对象次数:9499
```

同样G1设置4G堆内存的gc日志里的gc次数也是明显要少于1G堆内存，且刚好没发生full gc，G1的full gc同CMS相同的是都是可以和用户线程并行的执行，减少STW的时间，不同的是G1的垃圾回收采用标记-复制算法，这样不会产生内存空间的碎片，且G1将内存划分一个个固定大小的region，每个region可以是年轻代、老年代中的一个，内存的回收是以region作为基本单位的，并且G1可以做到在要求的时间内完成垃圾回收。